[main cb89403] Daily log update — 2026-03-25 09:30
 Committer: Ely Smith <elysmith@Elys-Mac-mini.local>
Your name and email address were configured automatically based
on your username and hostname. Please check that they are accurate.
You can suppress this message by setting them explicitly:

    git config --global user.name "Your Name"
    git config --global user.email you@example.com

After doing this, you may fix the identity used for this commit with:

    git commit --amend --reset-author

 8 files changed, 5124 insertions(+), 24 deletions(-)
 create mode 100644 logs/gitpush.log
 create mode 100644 logs/summary-daemon.log
To https://github.com/turtleshorts/polymarket-bot.git
   bafdc80..cb89403  main -> main
Log push complete: Wed Mar 25 09:30:06 CET 2026
[main 6a353dc] Daily log update — 2026-03-26 09:30
 Committer: Ely Smith <elysmith@Elys-Mac-mini.local>
Your name and email address were configured automatically based
on your username and hostname. Please check that they are accurate.
You can suppress this message by setting them explicitly:

    git config --global user.name "Your Name"
    git config --global user.email you@example.com

After doing this, you may fix the identity used for this commit with:

    git commit --amend --reset-author

 7 files changed, 3665 insertions(+), 26 deletions(-)
To https://github.com/turtleshorts/polymarket-bot.git
   cb89403..6a353dc  main -> main
Log push complete: Thu Mar 26 09:30:04 CET 2026
[main 3ed741c] Daily log update — 2026-03-27 09:30
 Committer: Ely Smith <elysmith@Elys-Mac-mini.local>
Your name and email address were configured automatically based
on your username and hostname. Please check that they are accurate.
You can suppress this message by setting them explicitly:

    git config --global user.name "Your Name"
    git config --global user.email you@example.com

After doing this, you may fix the identity used for this commit with:

    git commit --amend --reset-author

 4 files changed, 166 insertions(+), 18 deletions(-)
To https://github.com/turtleshorts/polymarket-bot.git
   6a353dc..3ed741c  main -> main
Log push complete: Fri Mar 27 09:30:01 CET 2026
[main 2c49fd9] Daily log update — 2026-03-28 09:30
 Committer: Ely Smith <elysmith@Elys-Mac-mini.local>
Your name and email address were configured automatically based
on your username and hostname. Please check that they are accurate.
You can suppress this message by setting them explicitly:

    git config --global user.name "Your Name"
    git config --global user.email you@example.com

After doing this, you may fix the identity used for this commit with:

    git commit --amend --reset-author

 2 files changed, 18 insertions(+), 1 deletion(-)
To https://github.com/turtleshorts/polymarket-bot.git
   3ed741c..2c49fd9  main -> main
Log push complete: Sat Mar 28 09:30:01 CET 2026
[main b79fdfe] Daily log update — 2026-03-29 09:30
 Committer: Ely Smith <elysmith@Elys-Mac-mini.local>
Your name and email address were configured automatically based
on your username and hostname. Please check that they are accurate.
You can suppress this message by setting them explicitly:

    git config --global user.name "Your Name"
    git config --global user.email you@example.com

After doing this, you may fix the identity used for this commit with:

    git commit --amend --reset-author

 2 files changed, 18 insertions(+), 1 deletion(-)
To https://github.com/turtleshorts/polymarket-bot.git
   2c49fd9..b79fdfe  main -> main
Log push complete: Sun Mar 29 09:30:01 CEST 2026
[main 1b41a81] Daily log update — 2026-03-30 09:30
 Committer: Ely Smith <elysmith@Elys-Mac-mini.local>
Your name and email address were configured automatically based
on your username and hostname. Please check that they are accurate.
You can suppress this message by setting them explicitly:

    git config --global user.name "Your Name"
    git config --global user.email you@example.com

After doing this, you may fix the identity used for this commit with:

    git commit --amend --reset-author

 6 files changed, 4167 insertions(+), 4859 deletions(-)
To https://github.com/turtleshorts/polymarket-bot.git
   b79fdfe..1b41a81  main -> main
Log push complete: Mon Mar 30 09:30:05 CEST 2026
